[INFO] Scanning for projects...
[INFO] 
[INFO] ---------------------< com.fundmatrix:fundmatrix >----------------------
[INFO] Building fundmatrix 0.0.1-SNAPSHOT
[INFO]   from pom.xml
[INFO] --------------------------------[ jar ]---------------------------------
[INFO] 
[INFO] >>> spring-boot:3.5.14:run (default-cli) > test-compile @ fundmatrix >>>
[INFO] 
[INFO] --- resources:3.3.1:resources (default-resources) @ fundmatrix ---
[INFO] Copying 1 resource from src\main\resources to target\classes
[INFO] Copying 0 resource from src\main\resources to target\classes
[INFO] 
[INFO] --- compiler:3.14.1:compile (default-compile) @ fundmatrix ---
[INFO] Recompiling the module because of changed source code.
[INFO] Compiling 172 source files with javac [debug parameters release 21] to target\classes
[INFO] 
[INFO] --- resources:3.3.1:testResources (default-testResources) @ fundmatrix ---
[INFO] Copying 1 resource from src\test\resources to target\test-classes
[INFO] 
[INFO] --- compiler:3.14.1:testCompile (default-testCompile) @ fundmatrix ---
[INFO] Recompiling the module because of changed dependency.
[INFO] Compiling 1 source file with javac [debug parameters release 21] to target\test-classes
[INFO] 
[INFO] <<< spring-boot:3.5.14:run (default-cli) < test-compile @ fundmatrix <<<
[INFO] 
[INFO] 
[INFO] --- spring-boot:3.5.14:run (default-cli) @ fundmatrix ---
[INFO] Attaching agents: []

  .   ____          _            __ _ _
 /\\ / ___'_ __ _ _(_)_ __  __ _ \ \ \ \
( ( )\___ | '_ | '_| | '_ \/ _` | \ \ \ \
 \\/  ___)| |_)| | | | | || (_| |  ) ) ) )
  '  |____| .__|_| |_|_| |_\__, | / / / /
 =========|_|==============|___/=/_/_/_/

 :: Spring Boot ::               (v3.5.14)

2026-06-14T08:02:35.884+05:30  INFO 29884 --- [fundmatrix] [           main] com.fundmatrix.FundmatrixApplication     : Starting FundmatrixApplication using Java 21.0.2 with PID 29884 (C:\Users\2507379\Documents\Project\backend\target\classes started by 2507379 in C:\Users\2507379\Documents\Project\backend)
2026-06-14T08:02:35.886+05:30  INFO 29884 --- [fundmatrix] [           main] com.fundmatrix.FundmatrixApplication     : No active profile set, falling back to 1 default profile: "default"
2026-06-14T08:02:39.819+05:30  INFO 29884 --- [fundmatrix] [           main] .s.d.r.c.RepositoryConfigurationDelegate : Bootstrapping Spring Data JPA repositories in DEFAULT mode.
2026-06-14T08:02:40.606+05:30  INFO 29884 --- [fundmatrix] [           main] .s.d.r.c.RepositoryConfigurationDelegate : Finished Spring Data repository scanning in 749 ms. Found 19 JPA repository interfaces.
2026-06-14T08:02:44.101+05:30  INFO 29884 --- [fundmatrix] [           main] o.s.b.w.embedded.tomcat.TomcatWebServer  : Tomcat initialized with port 8082 (http)
2026-06-14T08:02:44.166+05:30  INFO 29884 --- [fundmatrix] [           main] o.apache.catalina.core.StandardService   : Starting service [Tomcat]
2026-06-14T08:02:44.167+05:30  INFO 29884 --- [fundmatrix] [           main] o.apache.catalina.core.StandardEngine    : Starting Servlet engine: [Apache Tomcat/10.1.54]
2026-06-14T08:02:44.604+05:30  INFO 29884 --- [fundmatrix] [           main] o.a.c.c.C.[Tomcat].[localhost].[/api]    : Initializing Spring embedded WebApplicationContext
2026-06-14T08:02:44.609+05:30  INFO 29884 --- [fundmatrix] [           main] w.s.c.ServletWebServerApplicationContext : Root WebApplicationContext: initialization completed in 8648 ms
2026-06-14T08:02:45.316+05:30  INFO 29884 --- [fundmatrix] [           main] o.hibernate.jpa.internal.util.LogHelper  : HHH000204: Processing PersistenceUnitInfo [name: default]
2026-06-14T08:02:45.645+05:30  INFO 29884 --- [fundmatrix] [           main] org.hibernate.Version                    : HHH000412: Hibernate ORM core version 6.6.49.Final
2026-06-14T08:02:45.846+05:30  INFO 29884 --- [fundmatrix] [           main] o.h.c.internal.RegionFactoryInitiator    : HHH000026: Second-level cache disabled
2026-06-14T08:02:47.498+05:30  INFO 29884 --- [fundmatrix] [           main] o.s.o.j.p.SpringPersistenceUnitInfo      : No LoadTimeWeaver setup: ignoring JPA class transformer
2026-06-14T08:02:47.686+05:30  INFO 29884 --- [fundmatrix] [           main] com.zaxxer.hikari.HikariDataSource       : HikariPool-1 - Starting...
2026-06-14T08:02:48.567+05:30  INFO 29884 --- [fundmatrix] [           main] com.zaxxer.hikari.pool.HikariPool        : HikariPool-1 - Added connection com.mysql.cj.jdbc.ConnectionImpl@158e6fc2
2026-06-14T08:02:48.577+05:30  INFO 29884 --- [fundmatrix] [           main] com.zaxxer.hikari.HikariDataSource       : HikariPool-1 - Start completed.
2026-06-14T08:02:48.842+05:30  WARN 29884 --- [fundmatrix] [           main] org.hibernate.orm.deprecation            : HHH90000025: MySQLDialect does not need to be specified explicitly using 'hibernate.dialect' (remove the property setting and it will be selected by default)
2026-06-14T08:02:48.947+05:30  INFO 29884 --- [fundmatrix] [           main] org.hibernate.orm.connections.pooling    : HHH10001005: Database info:
	Database JDBC URL [Connecting through datasource 'HikariDataSource (HikariPool-1)']
	Database driver: undefined/unknown
	Database version: 8.0.45
	Autocommit mode: undefined/unknown
	Isolation level: undefined/unknown
	Minimum pool size: undefined/unknown
	Maximum pool size: undefined/unknown
2026-06-14T08:02:55.840+05:30  INFO 29884 --- [fundmatrix] [           main] o.h.e.t.j.p.i.JtaPlatformInitiator       : HHH000489: No JTA platform available (set 'hibernate.transaction.jta.platform' to enable JTA platform integration)
2026-06-14T08:02:58.125+05:30  INFO 29884 --- [fundmatrix] [           main] j.LocalContainerEntityManagerFactoryBean : Initialized JPA EntityManagerFactory for persistence unit 'default'
2026-06-14T08:03:00.504+05:30  INFO 29884 --- [fundmatrix] [           main] o.s.d.j.r.query.QueryEnhancerFactory     : Hibernate is in classpath; If applicable, HQL parser will be used.
2026-06-14T08:03:09.205+05:30  INFO 29884 --- [fundmatrix] [           main] o.s.b.w.embedded.tomcat.TomcatWebServer  : Tomcat started on port 8082 (http) with context path '/api'
2026-06-14T08:03:09.238+05:30  INFO 29884 --- [fundmatrix] [           main] com.fundmatrix.FundmatrixApplication     : Started FundmatrixApplication in 34.147 seconds (process running for 34.945)
2026-06-14T08:03:09.602+05:30  INFO 29884 --- [fundmatrix] [           main] com.fundmatrix.config.DataSeeder         : FundMatrix: data already present, skipping seed.
2026-06-14T08:03:09.617+05:30  WARN 29884 --- [fundmatrix] [           main] o.s.core.events.SpringDocAppInitializer  : SpringDoc /v3/api-docs endpoint is enabled by default. To disable it in production, set the property 'springdoc.api-docs.enabled=false'
2026-06-14T08:03:09.618+05:30  WARN 29884 --- [fundmatrix] [           main] o.s.core.events.SpringDocAppInitializer  : SpringDoc /swagger-ui.html endpoint is enabled by default. To disable it in production, set the property 'springdoc.swagger-ui.enabled=false'
2026-06-14T08:03:15.732+05:30  INFO 29884 --- [fundmatrix] [nio-8082-exec-1] o.a.c.c.C.[Tomcat].[localhost].[/api]    : Initializing Spring DispatcherServlet 'dispatcherServlet'
2026-06-14T08:03:15.733+05:30  INFO 29884 --- [fundmatrix] [nio-8082-exec-1] o.s.web.servlet.DispatcherServlet        : Initializing Servlet 'dispatcherServlet'
2026-06-14T08:03:15.738+05:30  INFO 29884 --- [fundmatrix] [nio-8082-exec-1] o.s.web.servlet.DispatcherServlet        : Completed initialization in 4 ms
[INFO] ------------------------------------------------------------------------
[INFO] BUILD FAILURE
[INFO] ------------------------------------------------------------------------
[INFO] Total time:  16:31 min
[INFO] Finished at: 2026-06-14T08:18:14+05:30
[INFO] ------------------------------------------------------------------------
[ERROR] Failed to execute goal org.springframework.boot:spring-boot-maven-plugin:3.5.14:run (default-cli) on project fundmatrix: Process terminated with exit code: 1 -> [Help 1]
[ERROR] 
[ERROR] To see the full stack trace of the errors, re-run Maven with the -e switch.
[ERROR] Re-run Maven using the -X switch to enable full debug logging.
[ERROR] 
[ERROR] For more information about the errors and possible solutions, please read the following articles:
[ERROR] [Help 1] http://cwiki.apache.org/confluence/display/MAVEN/MojoExecutionException
