[INFO] Scanning for projects...
[INFO] 
[INFO] ---------------------< com.fundmatrix:fundmatrix >----------------------
[INFO] Building fundmatrix 0.0.1-SNAPSHOT
[INFO]   from pom.xml
[INFO] --------------------------------[ jar ]---------------------------------
[INFO] 
[INFO] >>> spring-boot:3.5.14:run (default-cli) > test-compile @ fundmatrix >>>
[INFO] 
[INFO] --- resources:3.3.1:resources (default-resources) @ fundmatrix ---
[INFO] Copying 1 resource from src\main\resources to target\classes
[INFO] Copying 0 resource from src\main\resources to target\classes
[INFO] 
[INFO] --- compiler:3.14.1:compile (default-compile) @ fundmatrix ---
[INFO] Recompiling the module because of changed source code.
[INFO] Compiling 151 source files with javac [debug parameters release 21] to target\classes
[INFO] 
[INFO] --- resources:3.3.1:testResources (default-testResources) @ fundmatrix ---
[INFO] Copying 1 resource from src\test\resources to target\test-classes
[INFO] 
[INFO] --- compiler:3.14.1:testCompile (default-testCompile) @ fundmatrix ---
[INFO] Recompiling the module because of changed dependency.
[INFO] Compiling 1 source file with javac [debug parameters release 21] to target\test-classes
[INFO] 
[INFO] <<< spring-boot:3.5.14:run (default-cli) < test-compile @ fundmatrix <<<
[INFO] 
[INFO] 
[INFO] --- spring-boot:3.5.14:run (default-cli) @ fundmatrix ---
[INFO] Attaching agents: []

  .   ____          _            __ _ _
 /\\ / ___'_ __ _ _(_)_ __  __ _ \ \ \ \
( ( )\___ | '_ | '_| | '_ \/ _` | \ \ \ \
 \\/  ___)| |_)| | | | | || (_| |  ) ) ) )
  '  |____| .__|_| |_|_| |_\__, | / / / /
 =========|_|==============|___/=/_/_/_/

 :: Spring Boot ::               (v3.5.14)

2026-06-11T18:22:45.688+05:30  INFO 28828 --- [fundmatrix] [           main] com.fundmatrix.FundmatrixApplication     : Starting FundmatrixApplication using Java 21.0.2 with PID 28828 (C:\Users\2507379\Documents\Project\backend\target\classes started by 2507379 in C:\Users\2507379\Documents\Project\backend)
2026-06-11T18:22:45.690+05:30  INFO 28828 --- [fundmatrix] [           main] com.fundmatrix.FundmatrixApplication     : No active profile set, falling back to 1 default profile: "default"
2026-06-11T18:22:47.788+05:30  INFO 28828 --- [fundmatrix] [           main] .s.d.r.c.RepositoryConfigurationDelegate : Bootstrapping Spring Data JPA repositories in DEFAULT mode.
2026-06-11T18:22:48.191+05:30  INFO 28828 --- [fundmatrix] [           main] .s.d.r.c.RepositoryConfigurationDelegate : Finished Spring Data repository scanning in 387 ms. Found 17 JPA repository interfaces.
2026-06-11T18:22:50.085+05:30  INFO 28828 --- [fundmatrix] [           main] o.s.b.w.embedded.tomcat.TomcatWebServer  : Tomcat initialized with port 8082 (http)
2026-06-11T18:22:50.111+05:30  INFO 28828 --- [fundmatrix] [           main] o.apache.catalina.core.StandardService   : Starting service [Tomcat]
2026-06-11T18:22:50.111+05:30  INFO 28828 --- [fundmatrix] [           main] o.apache.catalina.core.StandardEngine    : Starting Servlet engine: [Apache Tomcat/10.1.54]
2026-06-11T18:22:50.231+05:30  INFO 28828 --- [fundmatrix] [           main] o.a.c.c.C.[Tomcat].[localhost].[/api]    : Initializing Spring embedded WebApplicationContext
2026-06-11T18:22:50.235+05:30  INFO 28828 --- [fundmatrix] [           main] w.s.c.ServletWebServerApplicationContext : Root WebApplicationContext: initialization completed in 4402 ms
2026-06-11T18:22:50.467+05:30  INFO 28828 --- [fundmatrix] [           main] o.hibernate.jpa.internal.util.LogHelper  : HHH000204: Processing PersistenceUnitInfo [name: default]
2026-06-11T18:22:50.622+05:30  INFO 28828 --- [fundmatrix] [           main] org.hibernate.Version                    : HHH000412: Hibernate ORM core version 6.6.49.Final
2026-06-11T18:22:50.700+05:30  INFO 28828 --- [fundmatrix] [           main] o.h.c.internal.RegionFactoryInitiator    : HHH000026: Second-level cache disabled
2026-06-11T18:22:51.388+05:30  INFO 28828 --- [fundmatrix] [           main] o.s.o.j.p.SpringPersistenceUnitInfo      : No LoadTimeWeaver setup: ignoring JPA class transformer
2026-06-11T18:22:51.468+05:30  INFO 28828 --- [fundmatrix] [           main] com.zaxxer.hikari.HikariDataSource       : HikariPool-1 - Starting...
2026-06-11T18:22:52.009+05:30  INFO 28828 --- [fundmatrix] [           main] com.zaxxer.hikari.pool.HikariPool        : HikariPool-1 - Added connection com.mysql.cj.jdbc.ConnectionImpl@1c792107
2026-06-11T18:22:52.016+05:30  INFO 28828 --- [fundmatrix] [           main] com.zaxxer.hikari.HikariDataSource       : HikariPool-1 - Start completed.
2026-06-11T18:22:52.266+05:30  WARN 28828 --- [fundmatrix] [           main] org.hibernate.orm.deprecation            : HHH90000025: MySQLDialect does not need to be specified explicitly using 'hibernate.dialect' (remove the property setting and it will be selected by default)
2026-06-11T18:22:52.330+05:30  INFO 28828 --- [fundmatrix] [           main] org.hibernate.orm.connections.pooling    : HHH10001005: Database info:
	Database JDBC URL [Connecting through datasource 'HikariDataSource (HikariPool-1)']
	Database driver: undefined/unknown
	Database version: 8.0.45
	Autocommit mode: undefined/unknown
	Isolation level: undefined/unknown
	Minimum pool size: undefined/unknown
	Maximum pool size: undefined/unknown
2026-06-11T18:22:55.265+05:30  INFO 28828 --- [fundmatrix] [           main] o.h.e.t.j.p.i.JtaPlatformInitiator       : HHH000489: No JTA platform available (set 'hibernate.transaction.jta.platform' to enable JTA platform integration)
2026-06-11T18:22:57.986+05:30  INFO 28828 --- [fundmatrix] [           main] j.LocalContainerEntityManagerFactoryBean : Initialized JPA EntityManagerFactory for persistence unit 'default'
2026-06-11T18:22:58.897+05:30  INFO 28828 --- [fundmatrix] [           main] o.s.d.j.r.query.QueryEnhancerFactory     : Hibernate is in classpath; If applicable, HQL parser will be used.
2026-06-11T18:23:03.249+05:30  INFO 28828 --- [fundmatrix] [           main] o.s.b.w.embedded.tomcat.TomcatWebServer  : Tomcat started on port 8082 (http) with context path '/api'
2026-06-11T18:23:03.282+05:30  INFO 28828 --- [fundmatrix] [           main] com.fundmatrix.FundmatrixApplication     : Started FundmatrixApplication in 18.882 seconds (process running for 19.761)
2026-06-11T18:23:03.621+05:30  INFO 28828 --- [fundmatrix] [           main] com.fundmatrix.config.DataSeeder         : FundMatrix: data already present, skipping seed.
2026-06-11T18:23:03.634+05:30  WARN 28828 --- [fundmatrix] [           main] o.s.core.events.SpringDocAppInitializer  : SpringDoc /v3/api-docs endpoint is enabled by default. To disable it in production, set the property 'springdoc.api-docs.enabled=false'
2026-06-11T18:23:03.635+05:30  WARN 28828 --- [fundmatrix] [           main] o.s.core.events.SpringDocAppInitializer  : SpringDoc /swagger-ui.html endpoint is enabled by default. To disable it in production, set the property 'springdoc.swagger-ui.enabled=false'
2026-06-11T18:23:35.766+05:30  INFO 28828 --- [fundmatrix] [nio-8082-exec-1] o.a.c.c.C.[Tomcat].[localhost].[/api]    : Initializing Spring DispatcherServlet 'dispatcherServlet'
2026-06-11T18:23:35.767+05:30  INFO 28828 --- [fundmatrix] [nio-8082-exec-1] o.s.web.servlet.DispatcherServlet        : Initializing Servlet 'dispatcherServlet'
2026-06-11T18:23:35.770+05:30  INFO 28828 --- [fundmatrix] [nio-8082-exec-1] o.s.web.servlet.DispatcherServlet        : Completed initialization in 3 ms
2026-06-11T18:32:13.210+05:30  WARN 28828 --- [fundmatrix] [l-1:housekeeper] com.zaxxer.hikari.pool.HikariPool        : HikariPool-1 - Thread starvation or clock leap detected (housekeeper delta=6m21s41ms696µs700ns).
2026-06-11T19:19:35.782+05:30  WARN 28828 --- [fundmatrix] [l-1:housekeeper] com.zaxxer.hikari.pool.HikariPool        : HikariPool-1 - Thread starvation or clock leap detected (housekeeper delta=2m21s915ms330µs).
